[www.fotobudka-obiektywna.pl/index.html]
[backblue.gif]
[fade.gif]
[index.html]
[www.fotobudka-obiektywna.pl/wp-content/uploads/2019/08/dailybooth-logo.png]
[www.fotobudka-obiektywna.pl/feed/index.html]
[www.fotobudka-obiektywna.pl/comments/feed/index.html]
[www.fotobudka-obiektywna.pl/wp-includes/js/jquery/jquery.min5aed.js]
[www.fotobudka-obiektywna.pl/wp-includes/js/jquery/jquery-migrate.min6b00.js]
[www.fotobudka-obiektywna.pl/wp-json/index.html]
[www.fotobudka-obiektywna.pl/wp-json/wp/v2/pages/28.json]
[www.fotobudka-obiektywna.pl/xmlrpc.c0db0.delayed]
[www.fotobudka-obiektywna.pl/wp-includes/wlwmanifest.xml]
[www.fotobudka-obiektywna.pl/wp-json/oembed/1.0/embeddfd8.json]
[www.fotobudka-obiektywna.pl/wp-json/oembed/1.0/embeda3e8]
[www.fotobudka-obiektywna.pl/wp-content/uploads/2019/07/LOGO-białe.png]
[www.fotobudka-obiektywna.pl/wp-content/plugins/revslider/public/assets/assets/dummy.png]
[www.fotobudka-obiektywna.pl/oferta/index.html]
[www.fotobudka-obiektywna.pl/opcje-fotobudki/index.html]
[www.fotobudka-obiektywna.pl/wp-content/uploads/2018/02/bebirthday-yellow-glasses2.jpg]
[www.fotobudka-obiektywna.pl/galeria/index.html]
[www.fotobudka-obiektywna.pl/wp-content/uploads/2019/07/fotobudka-mała.png]
[www.fotobudka-obiektywna.pl/kontakt/index.html]
[www.fotobudka-obiektywna.pl/wp-content/uploads/2018/02/kontakt-fotobudka.jpg]
[www.fotobudka-obiektywna.pl/wp-content/uploads/2018/02/fotobudka-slask.jpg]
[www.fotobudka-obiektywna.pl/wp-content/uploads/2018/02/Shot_20200828T172143_0-scaled.jpg]
[www.fotobudka-obiektywna.pl/wp-content/uploads/2019/08/fotobudka-katowice.jpg]
[www.fotobudka-obiektywna.pl/wp-content/uploads/2018/02/bebirthday-cell-icon.png]
[www.fotobudka-obiektywna.pl/wp-content/uploads/2019/09/LOGO-stopka.png]
[www.fotobudka-obiektywna.pl/wp-content/uploads/2019/09/facebook-2.png]
[www.fotobudka-obiektywna.pl/wp-content/uploads/2019/09/instagram-1.png]
[www.m16.pl/wp-content/uploads/2017/04/M16pl-Agencja-Marketingowa-logo.png]
[www.fotobudka-obiektywna.pl/wp-content/plugins/contact-form-7/includes/swv/js/indexf2b4.js]
[www.fotobudka-obiektywna.pl/wp-content/plugins/contact-form-7/includes/js/indexf2b4.js]
[www.fotobudka-obiektywna.pl/wp-content/plugins/revslider/public/assets/js/rbtools.minb52a.js]
[www.fotobudka-obiektywna.pl/wp-content/plugins/revslider/public/assets/js/rs6.minb52a.js]
[www.fotobudka-obiektywna.pl/wp-includes/js/jquery/ui/core.min3f14.js]
[www.fotobudka-obiektywna.pl/wp-includes/js/jquery/ui/tabs.min3f14.js]
[www.fotobudka-obiektywna.pl/wp-content/themes/betheme/js/plugins/debouncedresize.min3b45.js]
[www.fotobudka-obiektywna.pl/wp-content/themes/betheme/js/plugins/magnificpopup.min3b45.js]
[www.fotobudka-obiektywna.pl/wp-content/themes/betheme/js/menu3b45.js]
[www.fotobudka-obiektywna.pl/wp-content/themes/betheme/js/plugins/visible.min3b45.js]
[www.fotobudka-obiektywna.pl/wp-content/themes/betheme/assets/animations/animations.min3b45.js]
[www.fotobudka-obiektywna.pl/wp-content/themes/betheme/assets/jplayer/jplayer.min3b45.js]
[www.fotobudka-obiektywna.pl/wp-content/themes/betheme/js/plugins/enllax.min3b45.js]
[www.fotobudka-obiektywna.pl/wp-content/themes/betheme/js/parallax/translate3d3b45.js]
[www.fotobudka-obiektywna.pl/wp-content/themes/betheme/js/scripts3b45.js]
[www.fotobudka-obiektywna.pl/wp-content/themes/betheme/js/plugins/slick.min3b45.js]
[www.fotobudka-obiektywna.pl/index.html]
[www.fotobudka-obiektywna.pl/wp-includes/css/dist/block-library/style.min0757.css]
[www.fotobudka-obiektywna.pl/wp-includes/css/classic-themes.min0757.css]
[www.fotobudka-obiektywna.pl/wp-content/plugins/contact-form-7/includes/css/stylesf2b4.css]
[www.fotobudka-obiektywna.pl/wp-content/themes/betheme/fonts/mfn/iconsab7b.eot]
[www.fotobudka-obiektywna.pl/wp-content/themes/betheme/fonts/mfn/iconsab7b.woff]
[www.fotobudka-obiektywna.pl/wp-content/themes/betheme/fonts/mfn/iconsab7b.ttf]
[www.fotobudka-obiektywna.pl/wp-content/themes/betheme/images/stripes/stripes_3_b.png]
[www.fotobudka-obiektywna.pl/wp-content/themes/betheme/images/preloader.gif]
[www.fotobudka-obiektywna.pl/wp-content/themes/betheme/images/stripes/stripes_5_b.png]
[www.fotobudka-obiektywna.pl/wp-content/themes/betheme/images/box_shadow.png]
[www.fotobudka-obiektywna.pl/wp-content/themes/betheme/images/blog_masonry_tile_gradient.png]
[www.fotobudka-obiektywna.pl/wp-content/themes/betheme/images/timeline_right.png]
[www.fotobudka-obiektywna.pl/wp-content/themes/betheme/images/recent_comments.png]
[www.fotobudka-obiektywna.pl/wp-content/themes/betheme/images/stripes/stripes_10_w.png]
[www.fotobudka-obiektywna.pl/wp-content/themes/betheme/images/videomask.png]
[www.fotobudka-obiektywna.pl/wp-content/themes/betheme/images/stripes/textline_dark.png]
[www.fotobudka-obiektywna.pl/wp-content/themes/betheme/images/fancy_heading_hr_dark.png]
[www.fotobudka-obiektywna.pl/wp-content/themes/betheme/images/stripes/stripes_10_b.png]
[www.fotobudka-obiektywna.pl/wp-content/themes/betheme/images/timeline_top.png]
[www.fotobudka-obiektywna.pl/wp-content/themes/betheme/images/timeline_left.png]
[www.fotobudka-obiektywna.pl/wp-content/themes/betheme/images/fancy_heading_hr.png]
[www.fotobudka-obiektywna.pl/wp-content/themes/betheme/images/bg_panel.png]
[www.fotobudka-obiektywna.pl/wp-content/themes/betheme/css/be3b45.css]
[www.fotobudka-obiektywna.pl/wp-content/themes/betheme/assets/animations/animations.min3b45.css]
[www.fotobudka-obiektywna.pl/wp-content/themes/betheme/fonts/fontawesome/fa-brands-400.eot]
[www.fotobudka-obiektywna.pl/wp-content/themes/betheme/fonts/fontawesome/fa-brands-400d41d.eot]
[www.fotobudka-obiektywna.pl/wp-content/themes/betheme/fonts/fontawesome/fa-brands-400.woff]
[www.fotobudka-obiektywna.pl/wp-content/themes/betheme/fonts/fontawesome/fa-brands-400.ttf]
[www.fotobudka-obiektywna.pl/wp-content/themes/betheme/fonts/fontawesome/fa-regular-400.eot]
[www.fotobudka-obiektywna.pl/wp-content/themes/betheme/fonts/fontawesome/fa-regular-400d41d.eot]
[www.fotobudka-obiektywna.pl/wp-content/themes/betheme/fonts/fontawesome/fa-regular-400.woff]
[www.fotobudka-obiektywna.pl/wp-content/themes/betheme/fonts/fontawesome/fa-regular-400.ttf]
[www.fotobudka-obiektywna.pl/wp-content/themes/betheme/fonts/fontawesome/fa-solid-900.eot]
[www.fotobudka-obiektywna.pl/wp-content/themes/betheme/fonts/fontawesome/fa-solid-900d41d.eot]
[www.fotobudka-obiektywna.pl/wp-content/themes/betheme/fonts/fontawesome/fa-solid-900.woff]
[www.fotobudka-obiektywna.pl/wp-content/themes/betheme/fonts/fontawesome/fa-solid-900.ttf]
[www.fotobudka-obiektywna.pl/wp-content/themes/betheme/fonts/fontawesome/fontawesome3b45.css]
[www.fotobudka-obiektywna.pl/wp-content/themes/betheme/assets/jplayer/css/jplayer.png]
[www.fotobudka-obiektywna.pl/wp-content/themes/betheme/assets/jplayer/css/jplayer.blue.monday.jpg]
[www.fotobudka-obiektywna.pl/wp-content/themes/betheme/assets/jplayer/css/jplayer.blue.monday.seeking.gif]
[www.fotobudka-obiektywna.pl/wp-content/themes/betheme/assets/jplayer/css/jplayer.blue.monday.min3b45.css]
[www.fotobudka-obiektywna.pl/wp-content/themes/betheme/css/responsive3b45.css]
[www.fotobudka-obiektywna.pl/xmlrpc0db0.html]
[www.fotobudka-obiektywna.pl/wp-json/wp/v2/pages/70.json]
[www.fotobudka-obiektywna.pl/wp-json/oembed/1.0/embedff54.json]
[www.fotobudka-obiektywna.pl/wp-json/oembed/1.0/embed4c15]
[www.fotobudka-obiektywna.pl/wp-content/uploads/2021/01/paski-2.png]
[www.fotobudka-obiektywna.pl/wp-content/uploads/2021/01/paski-2-1024x727.png]
[www.fotobudka-obiektywna.pl/wp-content/uploads/2021/01/paski-1.png]
[www.fotobudka-obiektywna.pl/wp-content/uploads/2021/01/paski-1-1024x727.png]
[www.fotobudka-obiektywna.pl/wp-content/uploads/2021/01/paski-3.png]
[www.fotobudka-obiektywna.pl/wp-content/uploads/2021/01/paski-3-1024x727.png]
[www.fotobudka-obiektywna.pl/wp-content/uploads/2021/01/paski.png]
[www.fotobudka-obiektywna.pl/wp-content/uploads/2021/01/paski-1024x727.png]
[www.fotobudka-obiektywna.pl/wp-content/uploads/2019/08/ekran-startowy-1-urodziny.png]
[www.fotobudka-obiektywna.pl/wp-content/uploads/2019/08/ekran-startowy-1-urodziny-300x213.png]
[www.fotobudka-obiektywna.pl/wp-content/uploads/2019/08/ekran-startowy-2-dzień-dziecka.png]
[www.fotobudka-obiektywna.pl/wp-content/uploads/2019/08/ekran-startowy-2-dzień-dziecka-300x213.png]
[www.fotobudka-obiektywna.pl/wp-content/uploads/2019/08/ekran-startowy-4-wesele.png]
[www.fotobudka-obiektywna.pl/wp-content/uploads/2019/08/ekran-startowy-4-wesele-300x213.png]
[www.fotobudka-obiektywna.pl/wp-content/uploads/2019/09/dwór-Świetoszówka.png]
[www.fotobudka-obiektywna.pl/wp-content/uploads/2019/09/dwór-Świetoszówka-300x213.png]
[www.fotobudka-obiektywna.pl/wp-content/uploads/2019/08/ekranstartowy-3-wesele.png]
[www.fotobudka-obiektywna.pl/wp-content/uploads/2019/08/ekranstartowy-3-wesele-300x213.png]
[www.fotobudka-obiektywna.pl/wp-content/uploads/2019/08/wariatn1.jpg]
[www.fotobudka-obiektywna.pl/wp-content/uploads/2019/08/wariant2.jpg]
[www.fotobudka-obiektywna.pl/wp-content/uploads/2019/09/ahmelia.jpg]
[www.fotobudka-obiektywna.pl/wp-content/uploads/2019/09/czarno-białe.jpg]
[www.fotobudka-obiektywna.pl/wp-content/uploads/2019/09/glosh.jpg]
[www.fotobudka-obiektywna.pl/wp-content/uploads/2019/09/orginał.jpg]
[www.fotobudka-obiektywna.pl/wp-content/uploads/2019/09/sepia.jpg]
[www.fotobudka-obiektywna.pl/wp-content/uploads/2019/08/tło.png]
[www.fotobudka-obiektywna.pl/wp-content/uploads/2019/08/tło-1024x576.png]
[www.fotobudka-obiektywna.pl/wp-content/uploads/2019/08/tło1.png]
[www.fotobudka-obiektywna.pl/wp-content/uploads/2019/08/tło1-1024x576.png]
[www.fotobudka-obiektywna.pl/wp-content/uploads/2019/11/G1.jpg]
[www.fotobudka-obiektywna.pl/wp-content/uploads/2019/11/G1-150x150.jpg]
[www.fotobudka-obiektywna.pl/wp-content/uploads/2019/11/G2.jpg]
[www.fotobudka-obiektywna.pl/wp-content/uploads/2019/11/G2-150x150.jpg]
[www.fotobudka-obiektywna.pl/wp-content/uploads/2019/11/G3.jpg]
[www.fotobudka-obiektywna.pl/wp-content/uploads/2019/11/G3-150x150.jpg]
[www.fotobudka-obiektywna.pl/wp-content/uploads/2019/11/G4.jpg]
[www.fotobudka-obiektywna.pl/wp-content/uploads/2019/11/G4-150x150.jpg]
[www.fotobudka-obiektywna.pl/wp-content/uploads/2019/11/G5.jpg]
[www.fotobudka-obiektywna.pl/wp-content/uploads/2019/11/G5-150x150.jpg]
[www.fotobudka-obiektywna.pl/wp-content/uploads/2019/11/G6.jpg]
[www.fotobudka-obiektywna.pl/wp-content/uploads/2019/11/G6-150x150.jpg]
[www.fotobudka-obiektywna.pl/wp-content/uploads/2019/11/G7.png]
[www.fotobudka-obiektywna.pl/wp-content/uploads/2019/11/G7-150x150.png]
[www.fotobudka-obiektywna.pl/wp-content/themes/betheme/js/plugins/imagesloaded.min3b45.js]
[www.fotobudka-obiektywna.pl/wp-content/themes/betheme/js/plugins/isotope.min3b45.js]
[www.fotobudka-obiektywna.pl/opcje-fotobudki/index.html]
[www.fotobudka-obiektywna.pl/wp-json/wp/v2/pages/159.json]
[www.fotobudka-obiektywna.pl/wp-json/oembed/1.0/embed97ea.json]
[www.fotobudka-obiektywna.pl/wp-json/oembed/1.0/embed3c7b]
[www.fotobudka-obiektywna.pl/wp-content/uploads/2019/09/wedding.png]
[www.fotobudka-obiektywna.pl/wp-content/uploads/2019/09/portfolio.png]
[www.fotobudka-obiektywna.pl/wp-content/uploads/2019/09/family.png]
[www.fotobudka-obiektywna.pl/pakiet-weselny/index.html]
[www.fotobudka-obiektywna.pl/oferta/index.html]
[www.fotobudka-obiektywna.pl/pakiet-firmowy/index.html]
[www.fotobudka-obiektywna.pl/wp-json/wp/v2/pages/129.json]
[www.fotobudka-obiektywna.pl/pakiet-imprezowy/index.html]
[www.fotobudka-obiektywna.pl/wp-json/oembed/1.0/embed69ba.json]
[www.fotobudka-obiektywna.pl/wp-json/oembed/1.0/embed90d1]
[www.fotobudka-obiektywna.pl/wp-content/uploads/2019/09/photo-camera.png]
[www.fotobudka-obiektywna.pl/wp-content/uploads/2019/11/i-kto-tu-rządzi.gif]
[www.fotobudka-obiektywna.pl/wp-content/uploads/2019/11/Shot_20191005T223404_2.jpg]
[www.fotobudka-obiektywna.pl/wp-content/uploads/2019/11/Shot_20191005T212937_2.jpg]
[www.fotobudka-obiektywna.pl/galeria/index.html]
[www.fotobudka-obiektywna.pl/galeria/krotki-film/index.html]
[www.fotobudka-obiektywna.pl/wp-json/wp/v2/pages/94.json]
[www.fotobudka-obiektywna.pl/galeria/ludzie-i-miejsca/index.html]
[www.fotobudka-obiektywna.pl/wp-json/oembed/1.0/embede2d5.json]
[www.fotobudka-obiektywna.pl/wp-json/oembed/1.0/embedb17e]
[www.fotobudka-obiektywna.pl/wp-content/uploads/2019/09/contact-2.png]
[www.fotobudka-obiektywna.pl/wp-content/uploads/2019/09/formularz-fotobudka.jpg]
[www.fotobudka-obiektywna.pl/polityka-prywatnosci]
[www.fotobudka-obiektywna.pl/kontakt/index.html]
[www.fotobudka-obiektywna.pl/wp-content/plugins/revslider/public/assets/fonts/font-awesome/fonts/fontawesome-webfont3e6e.html]
[www.fotobudka-obiektywna.pl/wp-content/plugins/revslider/public/assets/fonts/font-awesome/fonts/fontawesome-webfont3e6e.eot]
[www.fotobudka-obiektywna.pl/wp-content/plugins/revslider/public/assets/fonts/font-awesome/fonts/fontawesome-webfontd41d.eot]
[www.fotobudka-obiektywna.pl/wp-content/plugins/revslider/public/assets/fonts/font-awesome/fonts/fontawesome-webfont3e6e.woff]
[www.fotobudka-obiektywna.pl/wp-content/plugins/revslider/public/assets/fonts/font-awesome/fonts/fontawesome-webfont3e6e.ttf]
[www.fotobudka-obiektywna.pl/wp-content/plugins/revslider/public/assets/fonts/font-awesome/css/font-awesome.css]
[www.fotobudka-obiektywna.pl/wp-content/plugins/revslider/public/assets/fonts/revicons/revicons90c6.eot]
[www.fotobudka-obiektywna.pl/wp-content/plugins/revslider/public/assets/fonts/revicons/revicons90c6.woff]
[www.fotobudka-obiektywna.pl/wp-content/plugins/revslider/public/assets/fonts/revicons/revicons90c6.ttf]
[www.fotobudka-obiektywna.pl/wp-content/plugins/revslider/public/assets/assets/gridtile.png]
[www.fotobudka-obiektywna.pl/wp-content/plugins/revslider/public/assets/assets/gridtile_white.png]
[www.fotobudka-obiektywna.pl/wp-content/plugins/revslider/public/assets/assets/gridtile_3x3.png]
[www.fotobudka-obiektywna.pl/wp-content/plugins/revslider/public/assets/assets/gridtile_3x3_white.png]
[www.fotobudka-obiektywna.pl/wp-content/plugins/revslider/public/assets/assets/coloredbg.png]
[www.fotobudka-obiektywna.pl/wp-content/plugins/revslider/public/assets/assets/loader.gif]
[www.fotobudka-obiektywna.pl/wp-content/plugins/revslider/public/assets/css/rs6b52a.css]
[www.fotobudka-obiektywna.pl/wp-content/themes/betheme/fonts/mfn/iconsab7b.html]
[www.fotobudka-obiektywna.pl/wp-content/themes/betheme/fonts/mfn/iconsab7b.svg]
[www.fotobudka-obiektywna.pl/wp-content/themes/betheme/muffin-options/svg/be-mono.svg]
[www.fotobudka-obiektywna.pl/wp-content/themes/betheme/images/mask_shapes/circle.svg]
[www.fotobudka-obiektywna.pl/wp-content/themes/betheme/images/mask_shapes/blob.svg]
[www.fotobudka-obiektywna.pl/wp-content/themes/betheme/images/mask_shapes/blob-2.svg]
[www.fotobudka-obiektywna.pl/wp-content/themes/betheme/images/mask_shapes/brush.svg]
[www.fotobudka-obiektywna.pl/wp-content/themes/betheme/images/mask_shapes/brush-2.svg]
[www.fotobudka-obiektywna.pl/wp-content/themes/betheme/images/mask_shapes/cross.svg]
[www.fotobudka-obiektywna.pl/wp-content/themes/betheme/images/mask_shapes/stain.svg]
[www.fotobudka-obiektywna.pl/wp-content/themes/betheme/images/mask_shapes/triangle.svg]
[www.fotobudka-obiektywna.pl/wp-content/themes/betheme/images/mask_shapes/irregular-circle.svg]
[www.fotobudka-obiektywna.pl/wp-content/themes/betheme/fonts/fontawesome/fa-brands-400.html]
[www.fotobudka-obiektywna.pl/wp-content/themes/betheme/fonts/fontawesome/fa-brands-400.svg]
[www.fotobudka-obiektywna.pl/wp-content/themes/betheme/fonts/fontawesome/fa-regular-400.html]
[www.fotobudka-obiektywna.pl/wp-content/themes/betheme/fonts/fontawesome/fa-regular-400.svg]
[www.fotobudka-obiektywna.pl/wp-content/themes/betheme/fonts/fontawesome/fa-solid-900.html]
[www.fotobudka-obiektywna.pl/wp-content/themes/betheme/fonts/fontawesome/fa-solid-900.svg]
[www.fotobudka-obiektywna.pl/index3f3a.html]
[www.fotobudka-obiektywna.pl/indexb950.html]
[www.fotobudka-obiektywna.pl/wp-json/wp/v2/pages/116.json]
[www.fotobudka-obiektywna.pl/wp-json/oembed/1.0/embed0803.json]
[www.fotobudka-obiektywna.pl/wp-json/oembed/1.0/embed111f]
[www.fotobudka-obiektywna.pl/wp-content/uploads/2019/11/1.jpg]
[www.fotobudka-obiektywna.pl/wp-content/uploads/2021/01/Shot_20200912T173109_0-scaled.jpg]
[www.fotobudka-obiektywna.pl/pakiet-weselny/index.html]
[www.fotobudka-obiektywna.pl/wp-json/wp/v2/pages/122.json]
[www.fotobudka-obiektywna.pl/wp-json/oembed/1.0/embed3ca4.json]
[www.fotobudka-obiektywna.pl/wp-json/oembed/1.0/embed07ec]
[www.fotobudka-obiektywna.pl/wp-content/uploads/2019/09/fotobudka-branding.png]
[www.fotobudka-obiektywna.pl/wp-content/uploads/2019/09/fotobudka-branding2.png]
[www.fotobudka-obiektywna.pl/pakiet-firmowy/index.html]
[www.fotobudka-obiektywna.pl/wp-json/wp/v2/pages/109.json]
[www.fotobudka-obiektywna.pl/wp-json/oembed/1.0/embedbf75.json]
[www.fotobudka-obiektywna.pl/wp-json/oembed/1.0/embedd0ee]
[www.fotobudka-obiektywna.pl/wp-content/uploads/2019/11/2-1.jpg]
[www.fotobudka-obiektywna.pl/wp-content/uploads/2019/11/4.jpg]
[www.fotobudka-obiektywna.pl/wp-content/uploads/2019/11/8.jpg]
[www.fotobudka-obiektywna.pl/pakiet-imprezowy/index.html]
[www.fotobudka-obiektywna.pl/index1c00.html]
[www.fotobudka-obiektywna.pl/wp-json/wp/v2/pages/178.json]
[www.fotobudka-obiektywna.pl/wp-json/oembed/1.0/embedd6ac.json]
[www.fotobudka-obiektywna.pl/wp-json/oembed/1.0/embedda90]
[www.fotobudka-obiektywna.pl/wp-content/uploads/2019/11/w-różowych-okularach.gif]
[www.fotobudka-obiektywna.pl/wp-content/uploads/2019/11/gangi-Nowego-Yorku.gif]
[www.fotobudka-obiektywna.pl/wp-content/uploads/2019/11/jak-życ.gif]
[www.fotobudka-obiektywna.pl/wp-content/uploads/2019/11/zaczarowane.gif]
[www.fotobudka-obiektywna.pl/galeria/krotki-film/index.html]
[www.fotobudka-obiektywna.pl/wp-json/wp/v2/pages/186.json]
[www.fotobudka-obiektywna.pl/wp-json/oembed/1.0/embedd977.json]
[www.fotobudka-obiektywna.pl/wp-json/oembed/1.0/embedc9e9]
[www.fotobudka-obiektywna.pl/wp-content/uploads/2019/11/1-2.jpg]
[www.fotobudka-obiektywna.pl/wp-content/uploads/2019/11/1-2-300x200.jpg]
[www.fotobudka-obiektywna.pl/wp-content/uploads/2019/11/7.jpg]
[www.fotobudka-obiektywna.pl/wp-content/uploads/2019/11/7-300x200.jpg]
[www.fotobudka-obiektywna.pl/wp-content/uploads/2019/11/DSCN0684.jpg]
[www.fotobudka-obiektywna.pl/wp-content/uploads/2019/11/DSCN0684-300x225.jpg]
[www.fotobudka-obiektywna.pl/wp-content/uploads/2019/11/DSCN0709.jpg]
[www.fotobudka-obiektywna.pl/wp-content/uploads/2019/11/DSCN0709-300x225.jpg]
[www.fotobudka-obiektywna.pl/wp-content/uploads/2019/11/DSCN0734.jpg]
[www.fotobudka-obiektywna.pl/wp-content/uploads/2019/11/DSCN0734-300x225.jpg]
[www.fotobudka-obiektywna.pl/wp-content/uploads/2019/11/Shot_20190727T214954_1.jpg]
[www.fotobudka-obiektywna.pl/wp-content/uploads/2019/11/Shot_20190727T214954_1-300x200.jpg]
[www.fotobudka-obiektywna.pl/wp-content/uploads/2019/11/Shot_20190727T215341_1.jpg]
[www.fotobudka-obiektywna.pl/wp-content/uploads/2019/11/Shot_20190727T215341_1-300x200.jpg]
[www.fotobudka-obiektywna.pl/wp-content/uploads/2019/11/Shot_20190727T221818_2.jpg]
[www.fotobudka-obiektywna.pl/wp-content/uploads/2019/11/Shot_20190727T221818_2-300x200.jpg]
[www.fotobudka-obiektywna.pl/wp-content/uploads/2019/11/Shot_20190727T222455_1.jpg]
[www.fotobudka-obiektywna.pl/wp-content/uploads/2019/11/Shot_20190727T222455_1-300x200.jpg]
[www.fotobudka-obiektywna.pl/wp-content/uploads/2019/11/Shot_20190901T165315_0.jpg]
[www.fotobudka-obiektywna.pl/wp-content/uploads/2019/11/Shot_20190901T165315_0-300x200.jpg]
[www.fotobudka-obiektywna.pl/wp-content/uploads/2019/11/Shot_20190901T165937_1.jpg]
[www.fotobudka-obiektywna.pl/wp-content/uploads/2019/11/Shot_20190901T165937_1-300x204.jpg]
[www.fotobudka-obiektywna.pl/wp-content/uploads/2019/11/Shot_20190907T163507_0.jpg]
[www.fotobudka-obiektywna.pl/wp-content/uploads/2019/11/Shot_20190907T163507_0-300x200.jpg]
[www.fotobudka-obiektywna.pl/wp-content/uploads/2019/11/Shot_20190907T224050_1.jpg]
[www.fotobudka-obiektywna.pl/wp-content/uploads/2019/11/Shot_20190907T224050_1-300x200.jpg]
[www.fotobudka-obiektywna.pl/wp-content/uploads/2019/11/Shot_20190907T224858_0.jpg]
[www.fotobudka-obiektywna.pl/wp-content/uploads/2019/11/Shot_20190907T224858_0-300x200.jpg]
[www.fotobudka-obiektywna.pl/wp-content/uploads/2019/11/Shot_20191005T165050_2.jpg]
[www.fotobudka-obiektywna.pl/wp-content/uploads/2019/11/Shot_20191005T165050_2-300x202.jpg]
[www.fotobudka-obiektywna.pl/wp-content/uploads/2019/11/Shot_20191005T171550_0.jpg]
[www.fotobudka-obiektywna.pl/wp-content/uploads/2019/11/Shot_20191005T171550_0-300x200.jpg]
[www.fotobudka-obiektywna.pl/wp-content/uploads/2019/11/Shot_20191005T172109_1.jpg]
[www.fotobudka-obiektywna.pl/wp-content/uploads/2019/11/Shot_20191005T172109_1-300x200.jpg]
[www.fotobudka-obiektywna.pl/wp-content/uploads/2019/11/Shot_20191005T172633_2.jpg]
[www.fotobudka-obiektywna.pl/wp-content/uploads/2019/11/Shot_20191005T172633_2-300x200.jpg]
[www.fotobudka-obiektywna.pl/wp-content/uploads/2019/11/Shot_20191005T182120_1.jpg]
[www.fotobudka-obiektywna.pl/wp-content/uploads/2019/11/Shot_20191005T182120_1-300x200.jpg]
[www.fotobudka-obiektywna.pl/wp-content/uploads/2019/11/Shot_20191005T182308_0.jpg]
[www.fotobudka-obiektywna.pl/wp-content/uploads/2019/11/Shot_20191005T182308_0-300x200.jpg]
[www.fotobudka-obiektywna.pl/wp-content/uploads/2019/11/Shot_20191005T212937_2-300x200.jpg]
[www.fotobudka-obiektywna.pl/wp-content/uploads/2019/11/Shot_20191005T221428_1.jpg]
[www.fotobudka-obiektywna.pl/wp-content/uploads/2019/11/Shot_20191005T221428_1-300x200.jpg]
[www.fotobudka-obiektywna.pl/galeria/ludzie-i-miejsca/index.html]
[www.fotobudka-obiektywna.pl/wp-content/uploads/2019/11/Shot_20191005T223404_2-300x200.jpg]
[www.fotobudka-obiektywna.pl/index65d2.html]
[www.fotobudka-obiektywna.pl/polityka-prywatnosci.html]
[www.fotobudka-obiektywna.pl/wp-content/plugins/revslider/public/assets/fonts/font-awesome/fonts/fontawesome-webfont3e6e.svg]
[www.fotobudka-obiektywna.pl/wp-content/plugins/revslider/public/assets/fonts/revicons/revicons90c6.svg]
[www.fotobudka-obiektywna.pl/wp-content/plugins/revslider/public/assets/css/openhand.html]
[www.fotobudka-obiektywna.pl/wp-content/plugins/revslider/public/assets/css/closedhand.html]
[www.fotobudka-obiektywna.pl/indexd78c.html]
[www.fotobudka-obiektywna.pl/indexdb84.html]
[www.fotobudka-obiektywna.pl/indexe887.html]
[www.fotobudka-obiektywna.pl/indexb50d.html]
[www.fotobudka-obiektywna.pl/index146c.html]
[www.fotobudka.m16-hosting.pl/wp-content/uploads/2018/02/bebirthday-confetti-bgq.jpg]
[www.fotobudka.m16-hosting.pl/wp-content/uploads/2018/02/bebirthday-cell-icon.png]
[www.fotobudka.m16-hosting.pl/wp-content/uploads/2019/09/photo-camera.png]
